Phase 164.7 plan 05 — FLOOR SEPARATION EVIDENCE
================================================

Every number below was READ OFF a run. Nothing here is projected, and nothing is
copied from a plan's prose. FOUR full-corpus lane runs plus two vitest readings.
Runs 1-3 measured a working tree; run 4 is SHA-BOUND to this plan's final commit.

Host      Darwin 25.6.0 arm64 / MacBook-Air-von-Laptop.local
Branch    worktree-agent-abc52246958c98fda (phase-164.7-appsettings), HEAD d193e4cd
Lane      scripts/pg-lane/run.sh with PGBIN=/opt/homebrew/opt/postgresql@16/bin
          (the PATH pg_ctl is the PG18 shim, which carries no pg_cron and the
          lane correctly REFUSES to boot on it rather than degrading)
Tree      the two separation runs (2 and 3) measured the tree carrying THIS
          PLAN'S Task 2 edits — five comment-only `-- APP-GUC-LINEAGE:` headers
          in migrations, plus the LINEAGE_ALLOWLIST entries. Run 1 measured the
          same corpus WITHOUT them and reported the same 380 arms, which is the
          evidence that a masthead comment moved no arm.

⛔ WHAT THIS PLAN EXPECTED AND MEASURED FALSE
---------------------------------------------
The plan predicted run 1 would "exit 1 with EXACTLY the stale-ratchet defects for
FILES_FLOOR (46 > 45) and ARMS_FLOOR (N > 369)". IT DID NOT. `run.mjs`'s gate
paths are `if (annotatedFiles < filesFloor)` and `if (bitingArms < armsFloor)`,
so a floor BELOW the corpus is invisible to the runner BY CONSTRUCTION — run 1
exited 0 with `✅ No defects` on stale-low floors. The stale direction is caught
one layer up, in `src/__tests__/mutation-runner-floors.test.ts`. Both readings
are recorded below, because "separated in both directions" is only true of this
ratchet if you name WHICH LAYER reports each direction.


RUN 1 — the STALE-LOW floors, on the tree BEFORE this plan's headers
--------------------------------------------------------------------
date          2026-09-07T11:24:39Z
floors        FILES_FLOOR = 45   ARMS_FLOOR = 369   WAIVED_CEILING = 0
exit          0
wall clock    531 s

    coverage: files 46/73
    lane-blocked: 0 file(s) probe pg_extension for pg_cron and are not yet annotated — (none; the lane hosts pg_cron since Phase 164.4.1, TODOS [REDUNDER-PGCRON] retired 2026-09-05)
    lane-probe: pg_cron AVAILABLE — lane-blocked class is empty, as a hosting lane requires
      pending: 0 idiom file(s) without RED-UNDER —
    arms: 380/380/0   (executed/annotated/waived)
    biting: 380   (executed arms that reddened their OWN arm first — the quantity ARMS_FLOOR bounds)
    lane-invocations: 380   (arm lanes actually spawned — tallied inside runLane, independent of the 380 the verdict loop counted; plus 46 baseline / 46 restore leg(s))
    per-arm lane time: mean 1.1s over 380 arm run(s)
    ✅ No defects. Every annotated arm bit its own arm first.

⚠️ EXIT 0 ON A STALE RATCHET. This is the reading the plan expected to be a
defect. It is not one, and pretending otherwise would have meant pinning a floor
on a separation that was never observed.


VITEST READING A — the STALE direction, same tree, same stale floors
---------------------------------------------------------------------
command  npx vitest run src/__tests__/mutation-runner-floors.test.ts \
                        src/__tests__/mutation-annotation-parser.test.ts
exit     1        Test Files 2 failed (2)      Tests 7 failed | 180 passed (187)

    × FILES_FLOOR ratchet > matches the measured corpus exactly — drift in EITHER direction fails
      AssertionError: RATCHET STALE: 46 of 73 gate files are now annotated but
      FILES_FLOOR is still 45. Raise FILES_FLOOR in scripts/mutation-runner/run.mjs
      to 46.: expected 46 to be 45

    × ARMS_FLOOR ratchet > equals the number of NON-WAIVED twins — the biting count the run measured
      AssertionError: The corpus declares 380 twin(s) of which 0 are waivers, so a
      green run bites 380. ARMS_FLOOR is 369. Update the floor in
      scripts/mutation-runner/run.mjs from a MEASURED run, never from this number.:
      expected 369 to be 380

The other five failures are the same staleness at the corpus-shape pins, each
naming the number that moved:
    × parser  R2-W04 rule 3b REAL CORPUS                expected 380 to be 369
    × parser  rule 3c needle half                       expected 404 to be 396
    × parser  scanCorpus reports 45 of 72 annotated     expected 73 to be 72
    × parser  the FIVE classes sum to filesTotal        expected 73 to be 72
    × floors  counts markers at line start only         expected 380 to be 369


RUN 2 — ONE HIGHER on BOTH floors (the regression direction)
-------------------------------------------------------------
date          2026-09-07T11:41:19Z
floors        FILES_FLOOR = 47   ARMS_FLOOR = 381   WAIVED_CEILING = 0
exit          1
wall clock    528 s

    coverage: files 46/73
    lane-blocked: 0 file(s) …
    lane-probe: pg_cron AVAILABLE — lane-blocked class is empty, as a hosting lane requires
      pending: 0 idiom file(s) without RED-UNDER —
    arms: 380/380/0   (executed/annotated/waived)
    biting: 380
    lane-invocations: 380
    per-arm lane time: mean 1.1s over 380 arm run(s)
    ❌ 2 defect(s):
          FILES_FLOOR regression: 46 annotated file(s) < floor 47
          ARMS_FLOOR regression: 380 biting arm(s) < floor 381

EXACTLY the two defects, each NAMING its own regression, and nothing else.


RUN 3 — the PINNED values
--------------------------
date          2026-09-07T11:50:31Z
floors        FILES_FLOOR = 46   ARMS_FLOOR = 380   WAIVED_CEILING = 0
exit          0
wall clock    614 s

    coverage: files 46/73
    lane-blocked: 0 file(s) …
    lane-probe: pg_cron AVAILABLE — lane-blocked class is empty, as a hosting lane requires
      pending: 0 idiom file(s) without RED-UNDER —
    arms: 380/380/0   (executed/annotated/waived)
    biting: 380
    lane-invocations: 380   (… plus 46 baseline / 46 restore leg(s))
    per-arm lane time: mean 1.3s over 380 arm run(s)
    ✅ No defects. Every annotated arm bit its own arm first.

So 46 / 380 is the SEPARATION POINT, not a value below it.

⚠️ THE 614 s IS CONTAMINATED AND IS REPORTED AS SUCH. Run 3's `per-arm lane time`
reads 1.3 s where runs 1 and 2 both read 1.1 s, because the executor blocked on
this run with a busy-wait loop that burned a core beside it. The corpus figure
for this tree is the 1.1 s of runs 1 and 2, and 531 s / 528 s are the honest wall
clocks. Recorded rather than quietly dropped, because a wall clock is exactly the
number the `timeout-minutes` rule reads.


VITEST READING B — at the PINNED floors, after the corpus-shape pins were moved
-------------------------------------------------------------------------------
exit 0    Test Files 2 passed (2)      Tests 187 passed (187)


THE timeout-minutes RULE, APPLIED AND RECORDED
-----------------------------------------------
The plan's instruction is: "if the pinned-value run's wall clock reached ~10 min
(600 s), raise `sql-mutation`'s `timeout-minutes` 15 → 20 ONCE … if it did not,
leave 15 and record the reading."

MEASURED, and the premise is stale on two counts:

 1. `timeout-minutes` is ALREADY 20. The one permitted raise was taken on
    2026-09-05 (ci.yml, the ⚖️ THE RULE FIRES block: ubuntu run 33973362161,
    646 s = 10.8 min). There is no 15 to raise.
 2. 20 is a declared CEILING, not the next rung. The locked decision
    (164.4-CONTEXT.md) is that a further crossing is answered by running CHANGED
    gate files on PRs with a scheduled full run enforcing the floors —
    `[REDUNDER-SUBSET-SPLIT]` — never by raising again.

The reading is recorded either way: 614 s on macOS at 472 legs (380 arms + 46
baseline + 46 restore), contaminated as noted, with 531 s and 528 s clean.
⛔ NONE of these is an ubuntu number, and the rule reads MEASURED UBUNTU runs. No
SHA-bound ubuntu run of a 46-file / 380-arm corpus exists yet; the 567 s and
646 s figures in ci.yml are the 164.4.1 tree at 363 and 361 arms and must not be
read as figures for this one. `timeout-minutes` is UNCHANGED at 20.


RUN 4 — THE PINNED VALUES, SHA-BOUND TO THE PLAN'S FINAL COMMIT
---------------------------------------------------------------
date          2026-09-07T12:31:24Z
HEAD          df45db384614fd38ab0d752b083fca6b6ba30748  (working tree CLEAN)
floors        FILES_FLOOR = 46   ARMS_FLOOR = 380   WAIVED_CEILING = 0
exit          0
wall clock    514 s

    coverage: files 46/73
    lane-blocked: 0 file(s) probe pg_extension for pg_cron and are not yet annotated — (none; the lane hosts pg_cron since Phase 164.4.1, TODOS [REDUNDER-PGCRON] retired 2026-09-05)
    lane-probe: pg_cron AVAILABLE — lane-blocked class is empty, as a hosting lane requires
      pending: 0 idiom file(s) without RED-UNDER —
    arms: 380/380/0   (executed/annotated/waived)
    biting: 380   (executed arms that reddened their OWN arm first — the quantity ARMS_FLOOR bounds)
    lane-invocations: 380   (arm lanes actually spawned — tallied inside runLane, independent of the 380 the verdict loop counted; plus 46 baseline / 46 restore leg(s))
    per-arm lane time: mean 1.1s over 380 arm run(s)
    ✅ No defects. Every annotated arm bit its own arm first.

Runs 1-3 measured a working tree; THIS one measured a committed, clean tree whose
sha is printed above, which is what "the full corpus exits 0 at this plan's final
commit" actually requires. It also settles the wall clock: 514 s at
`mean 1.1s`, with no busy-wait loop beside it, so the three clean readings are
**531 s / 528 s / 514 s** and run 3's 614 s at 1.3 s/arm is the contaminated one.

⛔ ONE COMMIT FOLLOWS THIS RUN — the one that appends this section, the matching
SUMMARY row and two comment-only lines in run.mjs. It is recorded here rather
than chased with a fifth run, because chasing it never terminates: every run
needs a commit and every commit invalidates the run. What makes that honest is a
diff, not an argument — `git diff --name-only df45db38 <that commit>` touches
only `.planning/**` and comment lines in `scripts/mutation-runner/run.mjs`, and
`git diff df45db38 <that commit> -- supabase/ scripts/pg-lane/` is EMPTY. No
constant, no gate file, no migration and no fixture moved, so the runner's inputs
are byte-identical to the tree measured above.
